// Jest Snapshot v1, https://goo.gl/fbAQLP

exports[`<Form /> renders correctly 1`] = `
initialize {
  "0": Object {
    "attribs": Object {},
    "children": Array [
      Object {
        "attribs": Object {},
        "children": Array [
          Object {
            "data": "Form",
            "next": null,
            "parent": [Circular],
            "prev": null,
            "type": "text",
          },
        ],
        "name": "h1",
        "namespace": "http://www.w3.org/1999/xhtml",
        "next": Object {
          "attribs": Object {
            "name": "generic",
            "type": "text",
          },
          "children": Array [],
          "name": "input",
          "namespace": "http://www.w3.org/1999/xhtml",
          "next": Object {
            "attribs": Object {},
            "children": Array [],
            "name": "br",
            "namespace": "http://www.w3.org/1999/xhtml",
            "next": Object {
              "attribs": Object {},
              "children": Array [
                Object {
                  "data": "Hello Button",
                  "next": null,
                  "parent": [Circular],
                  "prev": null,
                  "type": "text",
                },
              ],
              "name": "button",
              "namespace": "http://www.w3.org/1999/xhtml",
              "next": null,
              "parent": [Circular],
              "prev": [Circular],
              "type": "tag",
              "x-attribsNamespace": Object {},
              "x-attribsPrefix": Object {},
            },
            "parent": [Circular],
            "prev": [Circular],
            "type": "tag",
            "x-attribsNamespace": Object {},
            "x-attribsPrefix": Object {},
          },
          "parent": [Circular],
          "prev": [Circular],
          "type": "tag",
          "x-attribsNamespace": Object {
            "name": undefined,
            "type": undefined,
          },
          "x-attribsPrefix": Object {
            "name": undefined,
            "type": undefined,
          },
        },
        "parent": [Circular],
        "prev": null,
        "type": "tag",
        "x-attribsNamespace": Object {},
        "x-attribsPrefix": Object {},
      },
      Object {
        "attribs": Object {
          "name": "generic",
          "type": "text",
        },
        "children": Array [],
        "name": "input",
        "namespace": "http://www.w3.org/1999/xhtml",
        "next": Object {
          "attribs": Object {},
          "children": Array [],
          "name": "br",
          "namespace": "http://www.w3.org/1999/xhtml",
          "next": Object {
            "attribs": Object {},
            "children": Array [
              Object {
                "data": "Hello Button",
                "next": null,
                "parent": [Circular],
                "prev": null,
                "type": "text",
              },
            ],
            "name": "button",
            "namespace": "http://www.w3.org/1999/xhtml",
            "next": null,
            "parent": [Circular],
            "prev": [Circular],
            "type": "tag",
            "x-attribsNamespace": Object {},
            "x-attribsPrefix": Object {},
          },
          "parent": [Circular],
          "prev": [Circular],
          "type": "tag",
          "x-attribsNamespace": Object {},
          "x-attribsPrefix": Object {},
        },
        "parent": [Circular],
        "prev": Object {
          "attribs": Object {},
          "children": Array [
            Object {
              "data": "Form",
              "next": null,
              "parent": [Circular],
              "prev": null,
              "type": "text",
            },
          ],
          "name": "h1",
          "namespace": "http://www.w3.org/1999/xhtml",
          "next": [Circular],
          "parent": [Circular],
          "prev": null,
          "type": "tag",
          "x-attribsNamespace": Object {},
          "x-attribsPrefix": Object {},
        },
        "type": "tag",
        "x-attribsNamespace": Object {
          "name": undefined,
          "type": undefined,
        },
        "x-attribsPrefix": Object {
          "name": undefined,
          "type": undefined,
        },
      },
      Object {
        "attribs": Object {},
        "children": Array [],
        "name": "br",
        "namespace": "http://www.w3.org/1999/xhtml",
        "next": Object {
          "attribs": Object {},
          "children": Array [
            Object {
              "data": "Hello Button",
              "next": null,
              "parent": [Circular],
              "prev": null,
              "type": "text",
            },
          ],
          "name": "button",
          "namespace": "http://www.w3.org/1999/xhtml",
          "next": null,
          "parent": [Circular],
          "prev": [Circular],
          "type": "tag",
          "x-attribsNamespace": Object {},
          "x-attribsPrefix": Object {},
        },
        "parent": [Circular],
        "prev": Object {
          "attribs": Object {
            "name": "generic",
            "type": "text",
          },
          "children": Array [],
          "name": "input",
          "namespace": "http://www.w3.org/1999/xhtml",
          "next": [Circular],
          "parent": [Circular],
          "prev": Object {
            "attribs": Object {},
            "children": Array [
              Object {
                "data": "Form",
                "next": null,
                "parent": [Circular],
                "prev": null,
                "type": "text",
              },
            ],
            "name": "h1",
            "namespace": "http://www.w3.org/1999/xhtml",
            "next": [Circular],
            "parent": [Circular],
            "prev": null,
            "type": "tag",
            "x-attribsNamespace": Object {},
            "x-attribsPrefix": Object {},
          },
          "type": "tag",
          "x-attribsNamespace": Object {
            "name": undefined,
            "type": undefined,
          },
          "x-attribsPrefix": Object {
            "name": undefined,
            "type": undefined,
          },
        },
        "type": "tag",
        "x-attribsNamespace": Object {},
        "x-attribsPrefix": Object {},
      },
      Object {
        "attribs": Object {},
        "children": Array [
          Object {
            "data": "Hello Button",
            "next": null,
            "parent": [Circular],
            "prev": null,
            "type": "text",
          },
        ],
        "name": "button",
        "namespace": "http://www.w3.org/1999/xhtml",
        "next": null,
        "parent": [Circular],
        "prev": Object {
          "attribs": Object {},
          "children": Array [],
          "name": "br",
          "namespace": "http://www.w3.org/1999/xhtml",
          "next": [Circular],
          "parent": [Circular],
          "prev": Object {
            "attribs": Object {
              "name": "generic",
              "type": "text",
            },
            "children": Array [],
            "name": "input",
            "namespace": "http://www.w3.org/1999/xhtml",
            "next": [Circular],
            "parent": [Circular],
            "prev": Object {
              "attribs": Object {},
              "children": Array [
                Object {
                  "data": "Form",
                  "next": null,
                  "parent": [Circular],
                  "prev": null,
                  "type": "text",
                },
              ],
              "name": "h1",
              "namespace": "http://www.w3.org/1999/xhtml",
              "next": [Circular],
              "parent": [Circular],
              "prev": null,
              "type": "tag",
              "x-attribsNamespace": Object {},
              "x-attribsPrefix": Object {},
            },
            "type": "tag",
            "x-attribsNamespace": Object {
              "name": undefined,
              "type": undefined,
            },
            "x-attribsPrefix": Object {
              "name": undefined,
              "type": undefined,
            },
          },
          "type": "tag",
          "x-attribsNamespace": Object {},
          "x-attribsPrefix": Object {},
        },
        "type": "tag",
        "x-attribsNamespace": Object {},
        "x-attribsPrefix": Object {},
      },
    ],
    "name": "div",
    "namespace": "http://www.w3.org/1999/xhtml",
    "next": null,
    "parent": null,
    "prev": null,
    "root": Object {
      "attribs": Object {},
      "children": Array [
        [Circular],
      ],
      "name": "root",
      "namespace": "http://www.w3.org/1999/xhtml",
      "next": null,
      "parent": null,
      "prev": null,
      "type": "root",
      "x-attribsNamespace": Object {},
      "x-attribsPrefix": Object {},
    },
    "type": "tag",
    "x-attribsNamespace": Object {},
    "x-attribsPrefix": Object {},
  },
  "_root": [Circular],
  "length": 1,
  "options": Object {
    "decodeEntities": true,
    "normalizeWhitespace": false,
    "withDomLvl1": true,
    "xml": false,
  },
}
`;
